// Jest Snapshot v1, https://goo.gl/fbAQLP

exports[`Header should match snapshot 1`] = `<DocumentFragment />`;

exports[`Login should match snapshot 1`] = `<DocumentFragment />`;
