// Jest Snapshot v1, https://goo.gl/fbAQLP

exports[`Layout should match snapshot 1`] = `
<DocumentFragment>
  <div />
</DocumentFragment>
`;

exports[`Login should match snapshot 1`] = `<DocumentFragment />`;
